// Jest Snapshot v1, https://goo.gl/fbAQLP

exports[`Hello World 1`] = `
"import Web3 from 'web3';
  import assert from 'assert';
  const { validators } = require('../src/utils');

  const web3 = new Web3(\\"ws://localhost:7545\\");

  
  export class HelloWorld {

      /**
       *
       * @param {string} address
       */
      constructor(address){
          assert.equal(arguments.length, 1);

          this._contract = new web3.eth.Contract([{\\"constant\\":true,\\"inputs\\":[],\\"name\\":\\"Hi\\",\\"outputs\\":[{\\"name\\":\\"\\",\\"type\\":\\"string\\"}],\\"payable\\":false,\\"stateMutability\\":\\"pure\\",\\"type\\":\\"function\\"}], address);
      }

      
  /**

* @return {string}*/
  Hi() {
    assert.equal(arguments.length, 0);
    
    return this._contract.methods.Hi();
  }
  
  }"
`;
